// Jest Snapshot v1, https://goo.gl/fbAQLP

exports[`ProductsPage component renders ProductsPage content 1`] = `
<div>
  <div
    class="products-container"
  >
    <div
      class="products-subcontainer"
    >
      <div>
        <div
          class="card-container"
        >
          <div
            class="card-image-container"
          >
            <img
              alt="Gathering Swarm"
              class="card-image"
              src="gatheringSwarm.png"
            />
          </div>
          <div
            class="card-info-container"
          >
            <div
              class="card-name"
            >
              Gathering Swarm
            </div>
            <div
              class="card-price"
            >
              300
               Geo
            </div>
            <button
              class="card-button"
              type="button"
            >
              Add to cart
            </button>
          </div>
        </div>
      </div>
      <div>
        <div
          class="card-container"
        >
          <div
            class="card-image-container"
          >
            <img
              alt="Heavy Blow"
              class="card-image"
              src="heavyBlow.png"
            />
          </div>
          <div
            class="card-info-container"
          >
            <div
              class="card-name"
            >
              Heavy Blow
            </div>
            <div
              class="card-price"
            >
              350
               Geo
            </div>
            <button
              class="card-button"
              type="button"
            >
              Add to cart
            </button>
          </div>
        </div>
      </div>
      <div>
        <div
          class="card-container"
        >
          <div
            class="card-image-container"
          >
            <img
              alt="Lifeblood Heart"
              class="card-image"
              src="lifebloodHeart.png"
            />
          </div>
          <div
            class="card-info-container"
          >
            <div
              class="card-name"
            >
              Lifeblood Heart
            </div>
            <div
              class="card-price"
            >
              250
               Geo
            </div>
            <button
              class="card-button"
              type="button"
            >
              Add to cart
            </button>
          </div>
        </div>
      </div>
      <div>
        <div
          class="card-container"
        >
          <div
            class="card-image-container"
          >
            <img
              alt="Longnail"
              class="card-image"
              src="longnail.png"
            />
          </div>
          <div
            class="card-info-container"
          >
            <div
              class="card-name"
            >
              Longnail
            </div>
            <div
              class="card-price"
            >
              300
               Geo
            </div>
            <button
              class="card-button"
              type="button"
            >
              Add to cart
            </button>
          </div>
        </div>
      </div>
      <div>
        <div
          class="card-container"
        >
          <div
            class="card-image-container"
          >
            <img
              alt="Quick Focus"
              class="card-image"
              src="quickFocus.png"
            />
          </div>
          <div
            class="card-info-container"
          >
            <div
              class="card-name"
            >
              Quick Focus
            </div>
            <div
              class="card-price"
            >
              800
               Geo
            </div>
            <button
              class="card-button"
              type="button"
            >
              Add to cart
            </button>
          </div>
        </div>
      </div>
      <div>
        <div
          class="card-container"
        >
          <div
            class="card-image-container"
          >
            <img
              alt="Salubra's Blessing"
              class="card-image"
              src="salubraGhost.png"
            />
          </div>
          <div
            class="card-info-container"
          >
            <div
              class="card-name"
            >
              Salubra's Blessing
            </div>
            <div
              class="card-price"
            >
              800
               Geo
            </div>
            <button
              class="card-button"
              type="button"
            >
              Add to cart
            </button>
          </div>
        </div>
      </div>
      <div>
        <div
          class="card-container"
        >
          <div
            class="card-image-container"
          >
            <img
              alt="Shaman Stone"
              class="card-image"
              src="shamanStone.png"
            />
          </div>
          <div
            class="card-info-container"
          >
            <div
              class="card-name"
            >
              Shaman Stone
            </div>
            <div
              class="card-price"
            >
              220
               Geo
            </div>
            <button
              class="card-button"
              type="button"
            >
              Add to cart
            </button>
          </div>
        </div>
      </div>
      <div>
        <div
          class="card-container"
        >
          <div
            class="card-image-container"
          >
            <img
              alt="Steady Body"
              class="card-image"
              src="steadyBody.png"
            />
          </div>
          <div
            class="card-info-container"
          >
            <div
              class="card-name"
            >
              Steady Body
            </div>
            <div
              class="card-price"
            >
              120
               Geo
            </div>
            <button
              class="card-button"
              type="button"
            >
              Add to cart
            </button>
          </div>
        </div>
      </div>
    </div>
  </div>
</div>
`;
