// Jest Snapshot v1, https://goo.gl/fbAQLP

exports[`App component renders header/nav, content, and footer 1`] = `
<div>
  <div
    class="container"
  >
    <nav
      class="navbar"
    >
      <a
        class="nav-title-link"
        href="/"
      >
        <div
          class="nav-title"
        >
          Odin Shopping Cart
        </div>
      </a>
      <ul
        class="nav-links"
      >
        <a
          class="nav-link"
          href="/"
        >
          <li>
            Home
          </li>
        </a>
        <a
          class="nav-link"
          href="/products"
        >
          <li>
            Products
          </li>
        </a>
        <div
          class="notify-container"
        >
          <span
            class="notify-bubble"
          >
            0
          </span>
          <img
            alt="Cart"
            class="cart-logo"
            src="cart.svg"
          />
        </div>
      </ul>
    </nav>
    <div
      class="modal"
      id="cart-modal"
    >
      <div
        class="modal-content"
      >
        <div
          class="modal-header"
        >
          <span
            class="close-modal"
          >
            ×
          </span>
          <h2
            class="modal-title"
          >
            Your Shopping Cart
          </h2>
        </div>
        <div
          class="modal-body"
        >
          <div
            class="modal-total"
          >
            Total: 
            0
             Geo
          </div>
          <button
            class="modal-button"
            type="button"
          >
            Checkout
          </button>
        </div>
      </div>
    </div>
    <div
      class="content"
    >
      <div
        class="home-container"
      >
        <div
          class="home-subcontainer"
        >
          <div
            class="home-texts-container"
          >
            <h1
              class="home-heading"
            >
              Charms are gorgeous, mystical, one-of-a-kind accessories with a spark of power woven into their cores. Take a look at some of the Charms I have for sale!
            </h1>
            <p
              class="home-text"
            >
              - Charm Lover Salubra
            </p>
            <a
              href="/products"
            >
              <button
                class="shop-button"
                type="button"
              >
                Shop Now
              </button>
            </a>
          </div>
          <div
            class="home-image-container"
          />
        </div>
      </div>
    </div>
    <div
      class="footer"
    >
      By yours truly, 
      <a
        href="https://github.com/mraffia"
      >
         
        <strong>
          mraffia
        </strong>
      </a>
    </div>
  </div>
</div>
`;
